[cooperativapetroecuador.com/portal/index.html]
[backblue.gif]
[fade.gif]
[index.html]
[cooperativapetroecuador.com/portal/wp-content/themes/astra/assets/css/minified/frontend.minac9e.css]
[cooperativapetroecuador.com/portal/wp-content/themes/astra/assets/fonts/astra.woff]
[cooperativapetroecuador.com/portal/feed/index.html]
[cooperativapetroecuador.com/portal/comments/feed/index.html]
[cooperativapetroecuador.com/portal/wp-content/themes/astra/assets/css/minified/menu-animation.minac9e.css]
[cooperativapetroecuador.com/portal/wp-includes/css/dist/block-library/style.min271b.css]
[cooperativapetroecuador.com/portal/wp-content/plugins/whatsapp-for-wordpress/assets/css/style271b.css]
[cooperativapetroecuador.com/portal/wp-content/plugins/templately/assets/css/editor6f3e.css]
[cooperativapetroecuador.com/portal/wp-content/uploads/essential-addons-elementor/cb70d11b8.min1ddf.css]
[cooperativapetroecuador.com/portal/wp-content/plugins/wpforms/assets/css/wpforms-base.min8233.css]
[cooperativapetroecuador.com/portal/wp-content/plugins/elementor/assets/lib/eicons/css/elementor-icons.minb683.css]
[cooperativapetroecuador.com/portal/wp-content/plugins/elementor/assets/css/frontend.min3d36.css]
[cooperativapetroecuador.com/portal/wp-content/uploads/elementor/css/post-11296f06.css]
[cooperativapetroecuador.com/portal/wp-content/plugins/elementor-pro/assets/css/frontend.min9b70.css]
[cooperativapetroecuador.com/portal/wp-content/plugins/elementor/assets/lib/eicons/fonts/eicons0b93.eot]
[cooperativapetroecuador.com/portal/wp-content/plugins/elementor/assets/lib/font-awesome/css/all.mina288.css]
[cooperativapetroecuador.com/portal/wp-content/plugins/elementor/assets/lib/font-awesome/css/v4-shims.mina288.css]
[cooperativapetroecuador.com/portal/wp-content/uploads/elementor/css/post-355191a.css]
[cooperativapetroecuador.com/portal/wp-content/plugins/elementor/assets/lib/font-awesome/css/fontawesome.min52d5.css]
[cooperativapetroecuador.com/portal/wp-content/plugins/elementor/assets/lib/font-awesome/css/solid.min52d5.css]
[cooperativapetroecuador.com/portal/wp-content/plugins/elementor/assets/lib/font-awesome/css/brands.min52d5.css]
[cooperativapetroecuador.com/portal/wp-content/plugins/ParticleJs-WP-Plugin-master/includes/particles271b.js]
[cooperativapetroecuador.com/portal/wp-includes/js/jquery/jquery.minaf6c.js]
[cooperativapetroecuador.com/portal/wp-includes/js/jquery/jquery-migrate.mind617.js]
[cooperativapetroecuador.com/portal/wp-content/plugins/elementor/assets/lib/font-awesome/js/v4-shims.mina288.js]
[cooperativapetroecuador.com/portal/wp-json/wp/v2/pages/355.json]
[cooperativapetroecuador.com/portal/wp-json/index.html]
[cooperativapetroecuador.com/portal/xmlrpc0db0.php]
[cooperativapetroecuador.com/portal/wp-includes/wlwmanifest.xml]
[cooperativapetroecuador.com/portal/wp-json/oembed/1.0/embed2952.json]
[cooperativapetroecuador.com/portal/wp-json/oembed/1.0/embed108b]
[cooperativapetroecuador.com/portal/wp-content/uploads/2020/02/Untitled-1_icono-01-150x150.png]
[cooperativapetroecuador.com/portal/wp-content/uploads/2020/02/Untitled-1_icono-01-300x300.png]
[cooperativapetroecuador.com/portal/wp-content/uploads/2021/07/Untitled-1.gif]
[cooperativapetroecuador.com/portal/wp-content/uploads/2021/09/1976.png]
[cooperativapetroecuador.com/portal/sobre-nosotros/index.html]
[cooperativapetroecuador.com/portal/wp-content/uploads/2021/09/d.png]
[cooperativapetroecuador.com/portal/manuales-y-reglamentos/index.html]
[cooperativapetroecuador.com/portal/nuestro-personal/index.html]
[cooperativapetroecuador.com/portal/wp-content/uploads/2021/09/IMGP6437.png]
[cooperativapetroecuador.com/portal/reguladores/index.html]
[cooperativapetroecuador.com/portal/wp-content/uploads/2021/07/personas.png]
[cooperativapetroecuador.com/portal/servicios/index.html]
[cooperativapetroecuador.com/portal/wp-content/uploads/2021/07/logo_con_texto_blanco-01-300x70.png]
[cooperativapetroecuador.com/portal/servicios-no-financieros/index.html]
[cooperativapetroecuador.com/portal/wp-content/plugins/brave-popup-builder/assets/css/frontend.min271b.css]
[cooperativapetroecuador.com/portal/ahorros-e-inversiones/index.html]
[cooperativapetroecuador.com/portal/seguros-de-vida/index.html]
[cooperativapetroecuador.com/portal/wp-content/plugins/elementor/assets/lib/animations/animations.min3d36.css]
[cooperativapetroecuador.com/portal/formularios/index.html]
[cooperativapetroecuador.com/portal/wp-content/themes/astra/assets/js/minified/frontend.minac9e.js]
[cooperativapetroecuador.com/portal/wp-content/uploads/essential-addons-elementor/cb70d11b8.min1ddf.js]
[cooperativapetroecuador.com/portal/wp-content/plugins/whatsapp-for-wordpress/assets/dist/libs/njt-whatsapp7c45.js]
[cooperativapetroecuador.com/portal/antep/index.html]
[cooperativapetroecuador.com/portal/noticias/index.html]
[cooperativapetroecuador.com/portal/wp-content/plugins/whatsapp-for-wordpress/assets/js/whatsapp-button7c45.js]
[cooperativapetroecuador.com/portal/wp-includes/js/imagesloaded.mineda1.js]
[cooperativapetroecuador.com/portal/solicitar-un-credito/index.html]
[cooperativapetroecuador.com/portal/wp-content/plugins/whatsapp-for-wordpress/assets/js/whatsapp-popup271b.js]
[cooperativapetroecuador.com/portal/wp-content/plugins/brave-popup-builder/assets/frontend/brave271b.js]
[cooperativapetroecuador.com/portal/wp-content/plugins/elementor-pro/assets/js/webpack-pro.runtime.min9b70.js]
[cooperativapetroecuador.com/portal/wp-content/plugins/elementor/assets/js/webpack.runtime.min3d36.js]
[cooperativapetroecuador.com/portal/wp-content/plugins/elementor/assets/js/frontend-modules.min3d36.js]
[cooperativapetroecuador.com/portal/wp-content/plugins/elementor-pro/assets/js/frontend.min9b70.js]
[cooperativapetroecuador.com/portal/wp-content/plugins/elementor/assets/lib/waypoints/waypoints.min05da.js]
[cooperativapetroecuador.com/portal/wp-includes/js/jquery/ui/core.min1dd9.js]
[cooperativapetroecuador.com/portal/wp-content/plugins/elementor/assets/lib/swiper/swiper.min48f5.js]
[cooperativapetroecuador.com/portal/wp-content/plugins/elementor/assets/lib/share-link/share-link.min3d36.js]
[cooperativapetroecuador.com/portal/wp-content/plugins/elementor/assets/lib/dialog/dialog.mina288.js]
[cooperativapetroecuador.com/portal/wp-content/plugins/elementor/assets/js/frontend.min3d36.js]
[cooperativapetroecuador.com/portal/wp-content/plugins/elementor-pro/assets/js/preloaded-elements-handlers.min9b70.js]
[cooperativapetroecuador.com/portal/wp-content/plugins/elementor/assets/js/preloaded-modules.min3d36.js]
[cooperativapetroecuador.com/portal/wp-content/plugins/elementor-pro/assets/lib/sticky/jquery.sticky.min9b70.js]
[cooperativapetroecuador.com/portal/wp-includes/js/underscore.min0028.js]
[cooperativapetroecuador.com/portal/wp-includes/js/wp-util.min271b.js]
[cooperativapetroecuador.com/portal/wp-content/plugins/wpforms/assets/js/integrations/elementor/frontend.min8233.js]
[cooperativapetroecuador.com/portal/wp-content/plugins/wpforms/assets/js/jquery.validate.minb3a6.js]
[cooperativapetroecuador.com/portal/wp-content/plugins/wpforms/assets/js/mailcheck.mincfa9.js]
[cooperativapetroecuador.com/portal/wp-content/plugins/wpforms/assets/js/wpforms8233.js]
[cooperativapetroecuador.com/portal/index.html]
[cooperativapetroecuador.com/portal/wp-content/themes/astra/assets/css/minified/frontend.minac9e.css]
[cooperativapetroecuador.com/portal/wp-content/themes/astra/assets/css/minified/menu-animation.minac9e.css]
[cooperativapetroecuador.com/portal/wp-includes/css/dist/block-library/style.min271b.css]
[cooperativapetroecuador.com/portal/wp-content/plugins/whatsapp-for-wordpress/assets/img/whatsapp_logo_green.svg]
[cooperativapetroecuador.com/portal/wp-content/plugins/whatsapp-for-wordpress/assets/img/whatsapp_logo_gray.svg]
[cooperativapetroecuador.com/portal/wp-content/plugins/whatsapp-for-wordpress/assets/img/whatsapp_logo.svg]
[cooperativapetroecuador.com/portal/wp-content/plugins/whatsapp-for-wordpress/assets/img/whatsapp_logo_gray_sm.svg]
[cooperativapetroecuador.com/portal/wp-content/plugins/whatsapp-for-wordpress/assets/img/whatsapp_logo_green_sm.svg]
[cooperativapetroecuador.com/portal/wp-content/plugins/whatsapp-for-wordpress/assets/img/x_icon.svg]
[cooperativapetroecuador.com/portal/wp-content/plugins/whatsapp-for-wordpress/assets/css/style271b.css]
[cooperativapetroecuador.com/portal/wp-content/plugins/templately/assets/images/logo-icon.svg]
[cooperativapetroecuador.com/portal/wp-content/plugins/templately/assets/css/editor6f3e.css]
[cooperativapetroecuador.com/portal/wp-content/uploads/essential-addons-elementor/cb70d11b8.min1ddf.css]
[cooperativapetroecuador.com/portal/wp-content/plugins/wpforms/assets/images/times-solid-white.svg]
[cooperativapetroecuador.com/portal/wp-content/plugins/wpforms/assets/css/wpforms-base.min8233.css]
[cooperativapetroecuador.com/portal/wp-content/plugins/elementor/assets/lib/eicons/fonts/eicons02d6.eot]
[cooperativapetroecuador.com/portal/wp-content/plugins/elementor/assets/lib/eicons/fonts/eicons02d6.woff2]
[cooperativapetroecuador.com/portal/wp-content/plugins/elementor/assets/lib/eicons/fonts/eicons02d6.woff]
[cooperativapetroecuador.com/portal/wp-content/plugins/elementor/assets/lib/eicons/css/elementor-icons.minb683.css]
[cooperativapetroecuador.com/portal/wp-content/plugins/elementor/assets/css/frontend.min3d36.css]
[cooperativapetroecuador.com/portal/wp-content/uploads/elementor/css/post-11296f06.css]
[cooperativapetroecuador.com/portal/wp-content/plugins/elementor-pro/assets/css/frontend.min9b70.css]
[cooperativapetroecuador.com/portal/wp-content/plugins/elementor/assets/lib/eicons/fonts/eicons02d6.svg]
[cooperativapetroecuador.com/portal/wp-content/plugins/elementor/assets/lib/eicons/fonts/eicons02d6.ttf]
[cooperativapetroecuador.com/portal/wp-content/plugins/elementor/assets/lib/font-awesome/webfonts/fa-brands-400d41d.eot]
[cooperativapetroecuador.com/portal/wp-content/plugins/elementor/assets/lib/font-awesome/webfonts/fa-brands-400.eot]
[cooperativapetroecuador.com/portal/wp-content/plugins/elementor/assets/lib/font-awesome/webfonts/fa-brands-400.woff2]
[cooperativapetroecuador.com/portal/wp-content/plugins/elementor/assets/lib/font-awesome/webfonts/fa-brands-400.woff]
[cooperativapetroecuador.com/portal/wp-content/plugins/elementor/assets/lib/font-awesome/webfonts/fa-brands-400.ttf]
[cooperativapetroecuador.com/portal/wp-content/plugins/elementor/assets/lib/font-awesome/webfonts/fa-regular-400.eot]
[cooperativapetroecuador.com/portal/wp-content/plugins/elementor/assets/lib/font-awesome/webfonts/fa-brands-400.svg]
[cooperativapetroecuador.com/portal/wp-content/plugins/elementor/assets/lib/font-awesome/webfonts/fa-regular-400d41d.eot]
[cooperativapetroecuador.com/portal/wp-content/plugins/elementor/assets/lib/font-awesome/webfonts/fa-regular-400.woff2]
[cooperativapetroecuador.com/portal/wp-content/plugins/elementor/assets/lib/font-awesome/webfonts/fa-regular-400.woff]
[cooperativapetroecuador.com/portal/wp-content/plugins/elementor/assets/lib/font-awesome/webfonts/fa-regular-400.ttf]
[cooperativapetroecuador.com/portal/wp-content/plugins/elementor/assets/lib/font-awesome/webfonts/fa-regular-400.svg]
[cooperativapetroecuador.com/portal/wp-content/plugins/elementor/assets/lib/font-awesome/webfonts/fa-solid-900d41d.eot]
[cooperativapetroecuador.com/portal/wp-content/plugins/elementor/assets/lib/font-awesome/webfonts/fa-solid-900.eot]
[cooperativapetroecuador.com/portal/wp-content/plugins/elementor/assets/lib/font-awesome/webfonts/fa-solid-900.woff2]
[cooperativapetroecuador.com/portal/wp-content/plugins/elementor/assets/lib/font-awesome/webfonts/fa-solid-900.woff]
[cooperativapetroecuador.com/portal/wp-content/plugins/elementor/assets/lib/font-awesome/webfonts/fa-solid-900.ttf]
[cooperativapetroecuador.com/portal/wp-content/plugins/elementor/assets/lib/font-awesome/css/all.mina288.css]
[cooperativapetroecuador.com/portal/wp-content/plugins/elementor/assets/lib/font-awesome/css/v4-shims.mina288.css]
[cooperativapetroecuador.com/portal/wp-content/uploads/2021/07/petroleo_1.png]
[cooperativapetroecuador.com/portal/wp-content/uploads/elementor/css/post-355191a.css]
[cooperativapetroecuador.com/portal/wp-content/plugins/elementor/assets/lib/font-awesome/css/fontawesome.min52d5.css]
[cooperativapetroecuador.com/portal/wp-content/plugins/elementor/assets/lib/font-awesome/css/solid.min52d5.css]
[cooperativapetroecuador.com/portal/wp-content/plugins/elementor/assets/lib/font-awesome/css/brands.min52d5.css]
[cooperativapetroecuador.com/portal/wp-content/plugins/elementor/assets/lib/font-awesome/webfonts/fa-solid-900.svg]
[cooperativapetroecuador.com/portal/wp-content/uploads/elementor/css/post-1932625.css]
[cooperativapetroecuador.com/portal/wp-json/wp/v2/pages/193.json]
[cooperativapetroecuador.com/portal/wp-json/oembed/1.0/embedb0df.json]
[cooperativapetroecuador.com/portal/wp-json/oembed/1.0/embed8628]
[cooperativapetroecuador.com/portal/wp-content/uploads/2021/07/mision_25.png]
[cooperativapetroecuador.com/portal/wp-content/uploads/2021/07/vision_25.png]
[cooperativapetroecuador.com/portal/wp-content/uploads/2021/07/responsabilidad-01.png]
[cooperativapetroecuador.com/portal/wp-content/uploads/2021/07/creatividad-01.png]
[cooperativapetroecuador.com/portal/wp-content/uploads/2021/07/eficiencia-01.png]
[cooperativapetroecuador.com/portal/wp-content/uploads/2021/07/trasnparaencia-01.png]
[cooperativapetroecuador.com/portal/wp-content/uploads/2021/07/proacctividad-01.png]
[cooperativapetroecuador.com/portal/wp-content/uploads/2021/07/trabajop_en_equpico-01.png]
[cooperativapetroecuador.com/portal/wp-content/uploads/2021/07/rompecabezas.png]
[cooperativapetroecuador.com/portal/sobre-nosotros/index.html]
[cooperativapetroecuador.com/portal/wp-content/uploads/elementor/css/post-2306fcc.css]
[cooperativapetroecuador.com/portal/wp-json/wp/v2/pages/230.json]
[cooperativapetroecuador.com/portal/wp-json/oembed/1.0/embed5a73.json]
[cooperativapetroecuador.com/portal/wp-json/oembed/1.0/embeddced]
[cooperativapetroecuador.com/portal/wp-content/uploads/2021/10/118.jpg]
[cooperativapetroecuador.com/portal/wp-content/uploads/elementor/thumbs/2424-pcvwg4to6f15std5aqcvgac7w1p2mps2qnhvjyjf5a.png]
[cooperativapetroecuador.com/portal/wp-content/uploads/elementor/thumbs/2323-1-pcvwoo6w98px9ayofx7vlmry51m3jqoawwtnhfvomm.png]
[cooperativapetroecuador.com/portal/wp-content/uploads/elementor/thumbs/117-pcvwqixfqh9a5m9qm82e0nxobeh5q918u354k34qcu.png]
[cooperativapetroecuador.com/portal/wp-content/uploads/elementor/thumbs/119-pcvws659p1ich1vq0fnvvqzpqoda76kc288psioxgu.png]
[cooperativapetroecuador.com/portal/wp-content/uploads/elementor/thumbs/2020-pcvwsid65vz2nzdz12y1a5wpgop1z8wufwq1146t7y.png]
[cooperativapetroecuador.com/portal/wp-content/uploads/elementor/thumbs/118-pcvwviglzu31r50yhvo4qwmprzw9kftz6rqv7xqjce.png]
[cooperativapetroecuador.com/portal/nuestro-personal/index.html]
[cooperativapetroecuador.com/portal/wp-content/uploads/essential-addons-elementor/61607e66b.minca41.css]
[cooperativapetroecuador.com/portal/wp-content/uploads/elementor/css/post-26319279.css]
[cooperativapetroecuador.com/portal/wp-content/plugins/elementor/assets/lib/font-awesome/css/regular.min52d5.css]
[cooperativapetroecuador.com/portal/wp-json/wp/v2/pages/2631.json]
[cooperativapetroecuador.com/portal/wp-json/oembed/1.0/embed297c.json]
[cooperativapetroecuador.com/portal/wp-json/oembed/1.0/embed778f]
[cooperativapetroecuador.com/portal/wp-content/uploads/2021/08/14-768x461.png]
[cooperativapetroecuador.com/portal/wp-content/uploads/2021/08/58-220x300.png]
[cooperativapetroecuador.com/portal/wp-content/uploads/2021/08/maso1.png]
[cooperativapetroecuador.com/portal/wp-content/uploads/2021/08/ddgd-1024x576.png]
[cooperativapetroecuador.com/portal/wp-content/uploads/2021/08/ddgd1.png]
[cooperativapetroecuador.com/portal/manuales-y-reglamentos/index.html]
[cooperativapetroecuador.com/portal/wp-content/uploads/elementor/css/post-2120933c.css]
[cooperativapetroecuador.com/portal/wp-content/uploads/essential-addons-elementor/61607e66b.minca41.js]
[cooperativapetroecuador.com/portal/wp-json/wp/v2/pages/2120.json]
[cooperativapetroecuador.com/portal/wp-json/oembed/1.0/embed4715.json]
[cooperativapetroecuador.com/portal/wp-json/oembed/1.0/embede28c]
[cooperativapetroecuador.com/portal/wp-content/uploads/2021/07/asociamos.png]
[cooperativapetroecuador.com/portal/wp-content/uploads/2021/08/Diseno-sin-titulo-1-1024x347.png]
[cooperativapetroecuador.com/portal/reguladores/index.html]
[cooperativapetroecuador.com/portal/wp-content/uploads/elementor/css/post-24124f72.css]
[cooperativapetroecuador.com/portal/wp-json/wp/v2/pages/2412.json]
[cooperativapetroecuador.com/portal/wp-json/oembed/1.0/embed717b.json]
[cooperativapetroecuador.com/portal/wp-json/oembed/1.0/embede400]
[cooperativapetroecuador.com/portal/wp-content/uploads/2021/07/46-1024x769.png]
[cooperativapetroecuador.com/portal/wp-content/uploads/2021/07/petro_ecuador_obrero_cables-1024x819.png]
[cooperativapetroecuador.com/portal/wp-content/uploads/2021/07/7878451864-1024x880.png]
[cooperativapetroecuador.com/portal/wp-content/uploads/2021/07/pharma-template-dot-bg.svg]
[cooperativapetroecuador.com/portal/wp-content/uploads/2021/07/numer1-1024x576.png]
[cooperativapetroecuador.com/portal/wp-content/uploads/2021/07/numer2-1024x576.png]
[cooperativapetroecuador.com/portal/wp-content/uploads/2021/07/numer3-1024x576.png]
[cooperativapetroecuador.com/portal/wp-content/uploads/2021/07/numer4-1024x576.png]
[cooperativapetroecuador.com/portal/wp-content/uploads/2021/07/02-01.png]
[cooperativapetroecuador.com/portal/wp-content/uploads/2021/07/03-01.png]
[cooperativapetroecuador.com/portal/wp-content/uploads/2021/07/01-01.png]
[cooperativapetroecuador.com/portal/wp-content/uploads/2021/07/05-01.png]
[cooperativapetroecuador.com/portal/wp-content/uploads/2021/07/04-01.png]
[cooperativapetroecuador.com/portal/wp-content/plugins/elementor/assets/lib/jquery-numerator/jquery-numerator.min3958.js]
[cooperativapetroecuador.com/portal/servicios/index.html]
[cooperativapetroecuador.com/portal/wp-content/uploads/elementor/css/post-3013dbc0.css]
[cooperativapetroecuador.com/portal/wp-json/wp/v2/pages/3013.json]
[cooperativapetroecuador.com/portal/wp-json/oembed/1.0/embed1055.json]
[cooperativapetroecuador.com/portal/ahorros-e-inversiones/index.html]
[cooperativapetroecuador.com/portal/wp-json/oembed/1.0/embedfed8]
[cooperativapetroecuador.com/portal/wp-content/uploads/essential-addons-elementor/7e9e08483.min9480.css]
[cooperativapetroecuador.com/portal/wp-content/uploads/elementor/css/post-32041018.css]
[cooperativapetroecuador.com/portal/wp-json/wp/v2/pages/3204.json]
[cooperativapetroecuador.com/portal/wp-json/oembed/1.0/embeda1bd.json]
[cooperativapetroecuador.com/portal/wp-json/oembed/1.0/embed3a89]
[cooperativapetroecuador.com/portal/wp-content/uploads/2021/08/1ea9427c-ellipse-5.png]
[cooperativapetroecuador.com/portal/wp-content/uploads/2021/08/8e1131d3-ellipse-3.png]
[cooperativapetroecuador.com/portal/wp-content/uploads/2021/08/4d3013a3-ellipse-1.png]
[cooperativapetroecuador.com/portal/wp-content/uploads/2021/08/9eaed8b5-ellipse-6.png]
[cooperativapetroecuador.com/portal/wp-content/uploads/2021/08/eb7cc382-line-2.png]
[cooperativapetroecuador.com/portal/wp-content/uploads/2021/08/e77709daace70043899ce16d089c535a_XL-gigapixel-scale-6_00x.png]
[cooperativapetroecuador.com/portal/wp-content/uploads/2021/07/05-01-300x169.png]
[cooperativapetroecuador.com/portal/wp-content/uploads/2021/07/04-01-300x169.png]
[cooperativapetroecuador.com/portal/wp-content/uploads/2021/08/12948a9e-group.png]
[cooperativapetroecuador.com/portal/wp-content/uploads/2021/08/7bc9cf26-group1.png]
[cooperativapetroecuador.com/portal/wp-content/uploads/2021/08/821f1bbe-man-working-from-home-while-having-coffee-1.png]
[cooperativapetroecuador.com/portal/servicios-no-financieros/index.html]
[cooperativapetroecuador.com/portal/wp-content/uploads/essential-addons-elementor/7e9e08483.min9480.js]
[cooperativapetroecuador.com/portal/wp-content/uploads/essential-addons-elementor/66a52aa15.mina808.css]
[cooperativapetroecuador.com/portal/wp-content/uploads/elementor/css/post-341740c5.css]
[cooperativapetroecuador.com/portal/wp-json/wp/v2/pages/3417.json]
[cooperativapetroecuador.com/portal/wp-json/oembed/1.0/embed309d.json]
[cooperativapetroecuador.com/portal/wp-json/oembed/1.0/embedb38d]
[cooperativapetroecuador.com/portal/wp-content/uploads/2021/08/15.png]
[cooperativapetroecuador.com/portal/wp-content/uploads/2021/08/seguros-1024x543.png]
[cooperativapetroecuador.com/portal/wp-content/uploads/2021/08/dffd-01-1024x193.png]
[cooperativapetroecuador.com/portal/wp-content/uploads/essential-addons-elementor/66a52aa15.mina808.js]
[cooperativapetroecuador.com/portal/seguros-de-vida/index.html]
[cooperativapetroecuador.com/portal/wp-content/uploads/elementor/css/post-3523bacd.css]
[cooperativapetroecuador.com/portal/wp-json/wp/v2/pages/3523.json]
[cooperativapetroecuador.com/portal/wp-json/oembed/1.0/embed0b85.json]
[cooperativapetroecuador.com/portal/wp-json/oembed/1.0/embed69b4]
[cooperativapetroecuador.com/portal/wp-content/uploads/2021/08/formulario-01.png]
[cooperativapetroecuador.com/portal/wp-content/uploads/2021/07/Untitled-1_icono-01.png]
[cooperativapetroecuador.com/portal/wp-content/uploads/2021/08/01-01-1.png]
[cooperativapetroecuador.com/portal/wp-content/uploads/2021/08/04-01.png]
[cooperativapetroecuador.com/portal/wp-content/uploads/2021/08/AFILACIONN15.png]
[cooperativapetroecuador.com/portal/formularios/index.html]
[cooperativapetroecuador.com/portal/wp-content/uploads/essential-addons-elementor/427d0f850.minb60c.css]
[cooperativapetroecuador.com/portal/wp-content/uploads/elementor/css/post-375617a5.css]
[cooperativapetroecuador.com/portal/wp-json/wp/v2/pages/3756.json]
[cooperativapetroecuador.com/portal/wp-json/oembed/1.0/embed3589.json]
[cooperativapetroecuador.com/portal/wp-json/oembed/1.0/embed6fe4]
[cooperativapetroecuador.com/portal/wp-content/uploads/2021/09/2323-1.png]
[cooperativapetroecuador.com/portal/wp-content/uploads/2021/08/Noticias.png]
[cooperativapetroecuador.com/portal/wp-content/uploads/2021/08/Noticias-1.png]
[cooperativapetroecuador.com/portal/wp-content/uploads/2021/09/Noticias.png]
[cooperativapetroecuador.com/portal/wp-content/uploads/2021/08/Noticias-2.png]
[cooperativapetroecuador.com/portal/wp-content/uploads/2021/10/WhatsApp-Image-2021-10-07-at-6.32.23-PM.jpg]
[cooperativapetroecuador.com/portal/wp-content/uploads/essential-addons-elementor/427d0f850.minb60c.js]
[cooperativapetroecuador.com/portal/noticias/index.html]
[cooperativapetroecuador.com/portal/wp-content/uploads/elementor/css/post-38579b1d.css]
[cooperativapetroecuador.com/portal/wp-json/wp/v2/pages/3857.json]
[cooperativapetroecuador.com/portal/wp-json/oembed/1.0/embeda605.json]
[cooperativapetroecuador.com/portal/wp-json/oembed/1.0/embedcda3]
[cooperativapetroecuador.com/portal/wp-content/uploads/2021/09/antep-291x300.png]
[cooperativapetroecuador.com/portal/wp-content/uploads/2021/09/Mas_Grande-01.png]
[cooperativapetroecuador.com/portal/antep/index.html]
[cooperativapetroecuador.com/portal/wp-content/uploads/elementor/css/post-2060e50a.css]
[cooperativapetroecuador.com/portal/wp-json/wp/v2/pages/2060.json]
[cooperativapetroecuador.com/portal/wp-json/oembed/1.0/embed0e74.json]
[cooperativapetroecuador.com/portal/wp-json/oembed/1.0/embed8e2a]
[cooperativapetroecuador.com/portal/wp-content/uploads/2021/07/CREDITO-01-1536x1087.png]
[cooperativapetroecuador.com/portal/wp-content/uploads/2021/07/Untitled-1_icono-01-300x149.png]
[cooperativapetroecuador.com/portal/wp-content/uploads/2021/07/carro-1-300x169.png]
[cooperativapetroecuador.com/portal/wp-content/uploads/2021/07/casa-2-300x169.png]
[cooperativapetroecuador.com/portal/wp-content/uploads/2021/07/rapidito-300x149.png]
[cooperativapetroecuador.com/portal/wp-content/uploads/2021/07/microempresa-300x149.png]
[cooperativapetroecuador.com/portal/wp-content/plugins/wpforms/assets/css/choices.min8257.css]
[cooperativapetroecuador.com/portal/wp-content/plugins/elementor-pro/assets/lib/lottie/lottie.min3f90.js]
[cooperativapetroecuador.com/portal/wp-content/plugins/wpforms/pro/assets/js/wpforms-conditional-logic-fields8233.js]
[cooperativapetroecuador.com/portal/solicitar-un-credito/index.html]
[cooperativapetroecuador.com/portal/wp-content/plugins/brave-popup-builder/assets/css/frontend.min271b.css]
[cooperativapetroecuador.com/portal/wp-content/plugins/elementor/assets/lib/animations/animations.min3d36.css]
[cooperativapetroecuador.com/portal/wp-content/plugins/whatsapp-for-wordpress/assets/img/whatsapp_logo_green.svg]
[cooperativapetroecuador.com/portal/wp-content/plugins/whatsapp-for-wordpress/assets/img/whatsapp_logo_gray.svg]
[cooperativapetroecuador.com/portal/wp-content/plugins/whatsapp-for-wordpress/assets/img/whatsapp_logo.svg]
[cooperativapetroecuador.com/portal/wp-content/plugins/whatsapp-for-wordpress/assets/img/whatsapp_logo_gray_sm.svg]
[cooperativapetroecuador.com/portal/wp-content/plugins/whatsapp-for-wordpress/assets/img/whatsapp_logo_green_sm.svg]
[cooperativapetroecuador.com/portal/wp-content/plugins/whatsapp-for-wordpress/assets/img/x_icon.svg]
[cooperativapetroecuador.com/portal/wp-content/plugins/templately/assets/images/logo-icon.svg]
[cooperativapetroecuador.com/portal/wp-content/plugins/wpforms/assets/images/times-solid-white.svg]
[cooperativapetroecuador.com/portal/wp-content/plugins/elementor/assets/lib/eicons/fonts/eicons02d6.svg]
[cooperativapetroecuador.com/portal/wp-content/plugins/wpforms/assets/js/choices.min8257.js]
[cooperativapetroecuador.com/portal/wp-content/plugins/elementor/assets/lib/font-awesome/webfonts/fa-brands-400.svg]
[cooperativapetroecuador.com/portal/wp-content/plugins/elementor/assets/lib/font-awesome/webfonts/fa-regular-400.svg]
[cooperativapetroecuador.com/portal/wp-content/plugins/elementor/assets/lib/font-awesome/webfonts/fa-solid-900.svg]
[cooperativapetroecuador.com/portal/wp-content/uploads/elementor/css/post-1932625.css]
[cooperativapetroecuador.com/portal/index28c5.html]
[cooperativapetroecuador.com/portal/wp-content/uploads/2021/09/final_final.jpg]
[cooperativapetroecuador.com/portal/wp-content/uploads/2021/07/mechanic-free-img-2.png]
[cooperativapetroecuador.com/portal/wp-content/uploads/2021/07/mechanic-free-img-1-1.png]
[cooperativapetroecuador.com/portal/wp-content/uploads/elementor/css/post-2306fcc.css]
[cooperativapetroecuador.com/portal/index9fa1.html]
[cooperativapetroecuador.com/portal/wp-content/uploads/essential-addons-elementor/61607e66b.minca41.css]
[cooperativapetroecuador.com/portal/wp-content/uploads/2021/08/01-01.png]
[cooperativapetroecuador.com/portal/wp-content/uploads/elementor/css/post-26319279.css]
[cooperativapetroecuador.com/portal/wp-content/plugins/elementor/assets/lib/font-awesome/css/regular.min52d5.css]
[cooperativapetroecuador.com/portal/index0df1.html]
[cooperativapetroecuador.com/portal/wp-content/uploads/2021/07/pharma-company-template-hero-bg.svg]
[cooperativapetroecuador.com/portal/wp-content/uploads/2021/07/03-1-01.png]
[cooperativapetroecuador.com/portal/wp-content/uploads/2021/08/21-01.png]
[cooperativapetroecuador.com/portal/wp-content/uploads/2021/08/20-01.png]
[cooperativapetroecuador.com/portal/wp-content/uploads/2021/07/02-2-01.png]
[cooperativapetroecuador.com/portal/wp-content/uploads/2021/08/sri-012-01.png]
[cooperativapetroecuador.com/portal/wp-content/uploads/2021/08/sri-01.png]
[cooperativapetroecuador.com/portal/wp-content/uploads/2021/08/31-01.png]
[cooperativapetroecuador.com/portal/wp-content/uploads/2021/08/30-01.png]
[cooperativapetroecuador.com/portal/wp-content/uploads/2021/07/05-01-01.png]
[cooperativapetroecuador.com/portal/wp-content/uploads/2021/07/06-1-01.png]
[cooperativapetroecuador.com/portal/wp-content/uploads/2021/07/06-01.png]
[cooperativapetroecuador.com/portal/wp-content/uploads/2021/10/asociados_coop01-01.png]
[cooperativapetroecuador.com/portal/wp-content/uploads/2021/10/asociados_coop-01.png]
[cooperativapetroecuador.com/portal/wp-content/uploads/elementor/css/post-2120933c.css]
[cooperativapetroecuador.com/portal/index36a4.html]
[cooperativapetroecuador.com/portal/wp-content/uploads/elementor/css/post-24124f72.css]
[cooperativapetroecuador.com/portal/index952d.html]
[cooperativapetroecuador.com/portal/wp-content/uploads/2021/07/pharma-template-dot-bg.svg]
[cooperativapetroecuador.com/portal/wp-content/uploads/2021/08/untitled5.png]
[cooperativapetroecuador.com/portal/wp-content/uploads/2021/08/untitled6.png]
[cooperativapetroecuador.com/portal/wp-content/uploads/elementor/css/post-3013dbc0.css]
[cooperativapetroecuador.com/portal/indexb5e2.html]
[cooperativapetroecuador.com/portal/wp-content/uploads/essential-addons-elementor/7e9e08483.min9480.css]
[cooperativapetroecuador.com/portal/wp-content/uploads/2021/08/fb2dc777-group-62.png]
[cooperativapetroecuador.com/portal/wp-content/uploads/elementor/css/post-32041018.css]
[cooperativapetroecuador.com/portal/index8a03.html]
[cooperativapetroecuador.com/portal/wp-content/uploads/essential-addons-elementor/66a52aa15.mina808.css]
[cooperativapetroecuador.com/portal/wp-content/uploads/2021/08/ooo-01.jpg]
[cooperativapetroecuador.com/portal/wp-content/uploads/2021/08/vrttt.png]
[cooperativapetroecuador.com/portal/wp-content/uploads/elementor/css/post-341740c5.css]
[cooperativapetroecuador.com/portal/index2223.html]
[cooperativapetroecuador.com/portal/wp-content/uploads/elementor/css/post-3523bacd.css]
[cooperativapetroecuador.com/portal/indexc8db.html]
[cooperativapetroecuador.com/portal/wp-content/uploads/essential-addons-elementor/427d0f850.minb60c.css]
[cooperativapetroecuador.com/portal/wp-content/uploads/elementor/css/post-375617a5.css]
[cooperativapetroecuador.com/portal/index97f8.html]
[cooperativapetroecuador.com/portal/wp-content/uploads/2021/09/antep.png]
[cooperativapetroecuador.com/portal/wp-content/uploads/2021/09/WhatsApp_Image_2021-09-09_at_11.18.33_AM_1.jpg]
[cooperativapetroecuador.com/portal/wp-content/uploads/elementor/css/post-38579b1d.css]
[cooperativapetroecuador.com/portal/indexf7ee.html]
[cooperativapetroecuador.com/portal/wp-content/uploads/elementor/css/post-2060e50a.css]
[cooperativapetroecuador.com/portal/index27d5.html]
[cooperativapetroecuador.com/portal/wp-content/plugins/wpforms/assets/images/cross-inverse.svg]
[cooperativapetroecuador.com/portal/wp-content/plugins/wpforms/assets/images/cross.svg]
[cooperativapetroecuador.com/portal/wp-content/plugins/wpforms/assets/css/choices.min8257.css]
[cooperativapetroecuador.com/portal/wp-content/uploads/2021/07/pharma-company-template-hero-bg.svg]
[cooperativapetroecuador.com/portal/wp-content/plugins/wpforms/assets/images/cross-inverse.svg]
[cooperativapetroecuador.com/portal/wp-content/plugins/wpforms/assets/images/cross.svg]
