[cleantears.com/index.html]
[backblue.gif]
[fade.gif]
[index.html]
[cleantears.com/wp-content/themes/astra/assets/css/minified/main.min87e3.css]
[cleantears.com/feed/index.html]
[cleantears.com/comments/feed/index.html]
[cleantears.com/wp-includes/css/dist/block-library/style.min271b.css]
[cleantears.com/wp-content/plugins/wpforms-lite/assets/css/wpforms-full.minba3a.css]
[cleantears.com/wp-content/uploads/astra-addon/astra-addon-61f60bd3357499-450842485aed.css]
[cleantears.com/wp-content/plugins/elementor/assets/lib/eicons/css/elementor-icons.min05c8.css]
[cleantears.com/wp-content/plugins/elementor/assets/css/frontend-lite.min1aae.css]
[cleantears.com/wp-content/uploads/elementor/css/post-89cef.css]
[cleantears.com/wp-content/plugins/elementor-pro/assets/css/frontend-lite.min49eb.css]
[cleantears.com/wp-content/plugins/elementor/assets/lib/font-awesome/css/all.min1aae.css]
[cleantears.com/wp-content/plugins/elementor/assets/lib/font-awesome/css/v4-shims.min1aae.css]
[cleantears.com/wp-content/plugins/elementor-extras/assets/lib/nicons/css/nicons8a99.css]
[cleantears.com/wp-content/plugins/elementor-extras/assets/css/frontend.min8a99.css]
[cleantears.com/wp-content/uploads/elementor/css/global2c01.css]
[cleantears.com/wp-content/uploads/elementor/css/post-1262d7.css]
[cleantears.com/wp-content/plugins/elementor/assets/lib/font-awesome/css/fontawesome.min52d5.css]
[cleantears.com/wp-content/plugins/elementor/assets/lib/font-awesome/css/solid.min52d5.css]
[cleantears.com/wp-includes/js/jquery/jquery-migrate.mind617.js]
[cleantears.com/wp-includes/js/jquery/jquery.minaf6c.js]
[cleantears.com/wp-content/plugins/elementor/assets/lib/font-awesome/js/v4-shims.min1aae.js]
[cleantears.com/wp-json/index.html]
[cleantears.com/xmlrpc0db0.php]
[cleantears.com/wp-json/wp/v2/pages/12.json]
[cleantears.com/wp-includes/wlwmanifest.xml]
[cleantears.com/wp-json/oembed/1.0/embed0c82.json]
[cleantears.com/wp-json/oembed/1.0/embedb888]
[cleantears.com/wp-content/uploads/2022/01/cropped-logo_url-32x32.png]
[cleantears.com/wp-content/uploads/2022/01/cropped-logo_url-192x192.png]
[cleantears.com/wp-content/uploads/2022/01/cropped-logo_url-180x180.png]
[cleantears.com/wp-content/uploads/2022/01/cropped-logo_png-109x54.png]
[cleantears.com/wp-content/uploads/2022/01/tituv2-768x432.png]
[cleantears.com/test/index.html]
[cleantears.com/wp-content/uploads/2022/01/text3-768x432.png]
[cleantears.com/wp-content/uploads/elementor/thumbs/boton_chiquito-pk6yjfzfk0pgw4fbnef0tr33ggy3tv5zvceq0pjqos.png]
[cleantears.com/wp-content/uploads/2022/01/llamadas5-1024x576.png]
[cleantears.com/wp-content/uploads/2022/01/per-info-68f-1024x576.png]
[cleantears.com/wp-content/uploads/2022/02/FINALIN-1024x576.png]
[cleantears.com/wp-content/uploads/2022/01/titulo-consejos-768x133.png]
[cleantears.com/wp-content/uploads/2022/02/1_artboard.png]
[cleantears.com/wp-content/uploads/2022/02/02_artboard-1.png]
[cleantears.com/wp-content/uploads/2022/02/03_artboard.png]
[cleantears.com/wp-content/uploads/2022/02/04_artboard.png]
[cleantears.com/wp-content/uploads/2022/02/05_artboard-1024x470.png]
[cleantears.com/wp-content/uploads/2022/02/06_artboard-1024x470.png]
[cleantears.com/wp-content/uploads/2022/02/tipos-ss-02-768x118.png]
[cleantears.com/wp-content/uploads/2022/01/cuestionario-768x132.png]
[cleantears.com/wp-content/uploads/2022/02/Untitled-1.gif]
[cleantears.com/wp-content/uploads/2022/01/testimonio-768x132.png]
[cleantears.com/wp-content/uploads/2022/01/no_etsas_letras-300x50.png]
[cleantears.com/wp-content/uploads/2022/01/WhatsApp-Image-2022-01-13-at-11.01.42-PM.png]
[cleantears.com/wp-content/uploads/2022/01/197321685_2567876466851952_6022566575299713652_n.jpg]
[cleantears.com/wp-content/uploads/2022/01/PAUL.png]
[cleantears.com/wp-content/uploads/2022/01/ING-1.png]
[cleantears.com/wp-content/uploads/2022/02/cunetasnos-1024x1024.png]
[cleantears.com/wp-content/plugins/wpforms-lite/assets/images/submit-spin.svg]
[cleantears.com/wp-content/uploads/2022/01/como_detectar-1024x153.png]
[cleantears.com/wp-content/uploads/2022/02/02.gif]
[cleantears.com/wp-content/uploads/2022/02/detectra-05.png]
[cleantears.com/wp-content/uploads/2022/02/TIPS-DOC-1024x576.png]
[cleantears.com/wp-content/uploads/2022/02/01.png]
[cleantears.com/wp-content/uploads/2022/02/02-1.png]
[cleantears.com/wp-content/uploads/2022/02/03-2.png]
[cleantears.com/wp-content/uploads/2022/02/04-1.png]
[cleantears.com/wp-content/uploads/2022/02/05-1.png]
[cleantears.com/wp-content/uploads/2022/02/06.png]
[cleantears.com/wp-content/uploads/2022/02/07.png]
[cleantears.com/wp-content/uploads/2022/02/08.png]
[cleantears.com/wp-content/uploads/2022/02/09.png]
[cleantears.com/wp-content/uploads/2022/02/10.png]
[cleantears.com/wp-content/uploads/2022/02/11.png]
[cleantears.com/wp-content/uploads/2022/02/12.png]
[cleantears.com/wp-content/uploads/2022/02/13.png]
[cleantears.com/wp-content/uploads/2022/02/14.png]
[cleantears.com/wp-content/uploads/2022/02/15.png]
[cleantears.com/wp-content/plugins/bravepopup-pro/assets/images/preloader.png]
[cleantears.com/wp-content/uploads/2022/01/Untitled-1.png]
[cleantears.com/wp-content/uploads/2022/01/fondo.png]
[cleantears.com/wp-content/plugins/elementor/assets/lib/e-gallery/css/e-gallery.min7359.css]
[cleantears.com/wp-content/plugins/bravepopup-pro/assets/css/frontend.min271b.css]
[cleantears.com/wp-content/plugins/elementor/assets/lib/animations/animations.min1aae.css]
[cleantears.com/wp-content/themes/astra/assets/js/minified/frontend.min87e3.js]
[cleantears.com/wp-content/plugins/thrive-quiz-builder/thrive-dashboard/js/dist/frontend.min6de8.js]
[cleantears.com/wp-content/uploads/astra-addon/astra-addon-61f60bd336d6a5-493509195aed.js]
[cleantears.com/wp-includes/js/imagesloaded.mineda1.js]
[cleantears.com/wp-content/plugins/elementor-extras/assets/lib/video-player/video-player.min8a54.js]
[cleantears.com/wp-content/plugins/elementor-extras/assets/lib/iphone-inline-video/iphone-inline-video.min605a.js]
[cleantears.com/wp-content/plugins/elementor-extras/assets/lib/jquery-appear/jquery.appear.min26f3.js]
[cleantears.com/wp-content/plugins/elementor/assets/lib/e-gallery/js/e-gallery.min7359.js]
[cleantears.com/wp-content/plugins/bravepopup-pro/assets/frontend/brave271b.js]
[cleantears.com/wp-content/plugins/elementor-pro/assets/js/webpack-pro.runtime.min49eb.js]
[cleantears.com/wp-content/plugins/elementor/assets/js/webpack.runtime.min1aae.js]
[cleantears.com/wp-content/plugins/elementor/assets/js/frontend-modules.min1aae.js]
[cleantears.com/wp-content/plugins/elementor-pro/assets/js/frontend.min49eb.js]
[cleantears.com/wp-content/plugins/elementor/assets/lib/waypoints/waypoints.min05da.js]
[cleantears.com/wp-includes/js/jquery/ui/core.min1dd9.js]
[cleantears.com/wp-content/plugins/elementor/assets/js/frontend.min1aae.js]
[cleantears.com/wp-content/plugins/elementor-pro/assets/js/elements-handlers.min49eb.js]
[cleantears.com/wp-includes/js/underscore.min0028.js]
[cleantears.com/wp-includes/js/wp-util.min271b.js]
[cleantears.com/wp-content/plugins/wpforms-lite/assets/js/integrations/elementor/frontend.minba3a.js]
[cdnjs.cloudflare.com/ajax/libs/gsap/2.1.3/TweenMax.min.js]
[cleantears.com/wp-content/plugins/elementor-extras/assets/js/frontend.min8a99.js]
[cleantears.com/wp-content/plugins/elementor-extras/assets/lib/parallax-gallery/parallax-gallery.min8a54.js]
[cleantears.com/wp-content/plugins/elementor-extras/assets/lib/hotips/hotips.minf488.js]
[cleantears.com/wp-content/plugins/wpforms-lite/assets/js/jquery.validate.min6134.js]
[cleantears.com/wp-content/plugins/wpforms-lite/assets/js/mailcheck.mincfa9.js]
[cleantears.com/wp-content/plugins/wpforms-lite/assets/js/punycode.min8a54.js]
[cleantears.com/wp-content/plugins/wpforms-lite/assets/js/wpforms.minba3a.js]
[hcaptcha.com/1/api6680.js]
[cleantears.com/index.html]
[cleantears.com/wp-content/themes/astra/assets/css/minified/main.min87e3.css]
[cleantears.com/wp-includes/css/dist/block-library/style.min271b.css]
[cleantears.com/wp-content/plugins/wpforms-lite/assets/images/times-solid-white.svg]
[cleantears.com/wp-content/plugins/wpforms-lite/assets/css/wpforms-full.minba3a.css]
[cleantears.com/wp-content/uploads/astra-addon/astra-addon-61f60bd3357499-450842485aed.css]
[cleantears.com/wp-content/plugins/elementor/assets/lib/eicons/fonts/eiconsc387.woff2]
[cleantears.com/wp-content/plugins/elementor/assets/lib/eicons/fonts/eiconsc387.woff]
[cleantears.com/wp-content/plugins/elementor/assets/lib/eicons/fonts/eiconsc387.eot]
[cleantears.com/wp-content/plugins/elementor/assets/lib/eicons/fonts/eiconsc387.svg]
[cleantears.com/wp-content/plugins/elementor/assets/lib/eicons/css/elementor-icons.min05c8.css]
[cleantears.com/wp-content/plugins/elementor/assets/css/frontend-lite.min1aae.css]
[cleantears.com/wp-content/uploads/elementor/css/post-89cef.css]
[cleantears.com/wp-content/plugins/elementor-pro/assets/css/frontend-lite.min49eb.css]
[cleantears.com/wp-content/plugins/elementor/assets/lib/eicons/fonts/eiconsc387.ttf]
[cleantears.com/wp-content/plugins/elementor/assets/lib/font-awesome/webfonts/fa-brands-400.woff2]
[cleantears.com/wp-content/plugins/elementor/assets/lib/font-awesome/webfonts/fa-brands-400.woff]
[cleantears.com/wp-content/plugins/elementor/assets/lib/font-awesome/webfonts/fa-brands-400.eot]
[cleantears.com/wp-content/plugins/elementor/assets/lib/font-awesome/webfonts/fa-brands-400d41d.eot]
[cleantears.com/wp-content/plugins/elementor/assets/lib/font-awesome/webfonts/fa-brands-400.svg]
[cleantears.com/wp-content/plugins/elementor/assets/lib/font-awesome/webfonts/fa-regular-400.woff2]
[cleantears.com/wp-content/plugins/elementor/assets/lib/font-awesome/webfonts/fa-regular-400.eot]
[cleantears.com/wp-content/plugins/elementor/assets/lib/font-awesome/webfonts/fa-brands-400.ttf]
[cleantears.com/wp-content/plugins/elementor/assets/lib/font-awesome/webfonts/fa-regular-400.woff]
[cleantears.com/wp-content/plugins/elementor/assets/lib/font-awesome/webfonts/fa-regular-400d41d.eot]
[cleantears.com/wp-content/plugins/elementor/assets/lib/font-awesome/webfonts/fa-regular-400.ttf]
[cleantears.com/wp-content/plugins/elementor/assets/lib/font-awesome/webfonts/fa-regular-400.svg]
[cleantears.com/wp-content/plugins/elementor/assets/lib/font-awesome/webfonts/fa-solid-900.woff2]
[cleantears.com/wp-content/plugins/elementor/assets/lib/font-awesome/webfonts/fa-solid-900.woff]
[cleantears.com/wp-content/plugins/elementor/assets/lib/font-awesome/webfonts/fa-solid-900.eot]
[cleantears.com/wp-content/plugins/elementor/assets/lib/font-awesome/webfonts/fa-solid-900d41d.eot]
[cleantears.com/wp-content/plugins/elementor/assets/lib/font-awesome/css/all.min1aae.css]
[cleantears.com/wp-content/plugins/elementor/assets/lib/font-awesome/css/v4-shims.min1aae.css]
[cleantears.com/wp-content/plugins/elementor-extras/assets/lib/nicons/fonts/nicons.eot]
[cleantears.com/wp-content/plugins/elementor-extras/assets/lib/nicons/fonts/nicons.woff2]
[cleantears.com/wp-content/plugins/elementor-extras/assets/lib/nicons/fonts/nicons.woff]
[cleantears.com/wp-content/plugins/elementor-extras/assets/lib/nicons/fonts/niconsd41d.eot]
[cleantears.com/wp-content/plugins/elementor/assets/lib/font-awesome/webfonts/fa-solid-900.svg]
[cleantears.com/wp-content/plugins/elementor-extras/assets/lib/nicons/css/nicons8a99.css]
[cleantears.com/wp-content/plugins/elementor-extras/assets/css/frontend.min8a99.css]
[cleantears.com/wp-content/uploads/elementor/css/global2c01.css]
[cleantears.com/wp-content/uploads/2022/02/03.png]
[cleantears.com/wp-content/plugins/elementor-extras/assets/lib/nicons/fonts/nicons.svg]
[cleantears.com/wp-content/uploads/elementor/css/post-1262d7.css]
[cleantears.com/wp-content/plugins/elementor/assets/lib/font-awesome/css/fontawesome.min52d5.css]
[cleantears.com/wp-content/plugins/elementor/assets/lib/font-awesome/css/solid.min52d5.css]
[cleantears.com/wp-content/plugins/elementor-extras/assets/lib/nicons/fonts/nicons.ttf]
[cleantears.com/wp-content/uploads/elementor/css/post-1727c6e.css]
[cleantears.com/wp-content/plugins/elementor/assets/lib/font-awesome/webfonts/fa-solid-900.ttf]
[cleantears.com/wp-json/wp/v2/pages/172.json]
[cleantears.com/wp-json/oembed/1.0/embed59a3.json]
[cleantears.com/wp-json/oembed/1.0/embedc376]
[cleantears.com/wp-content/plugins/thrive-quiz-builder/assets/css/frontend/tqb-shortcode271b.css]
[cleantears.com/wp-includes/js/jquery/jquery.masonry.minef70.js]
[cleantears.com/wp-includes/js/masonry.min3a05.js]
[cleantears.com/wp-includes/js/backbone.min2fca.js]
[cleantears.com/test/index.html]
[cleantears-9e1609.ingress-comporellon.easywp.com/wp-content/uploads/2022/02/01_artboard.html]
[cleantears-9e1609.ingress-comporellon.easywp.com/wp-content/uploads/2022/02/02_artboard.html]
[cleantears-9e1609.ingress-comporellon.easywp.com/wp-content/uploads/2022/02/03-1.html]
[cleantears-9e1609.ingress-comporellon.easywp.com/wp-content/uploads/2022/02/04.html]
[cleantears-9e1609.ingress-comporellon.easywp.com/wp-content/uploads/2022/02/05.html]
[cleantears.com/wp-content/plugins/thrive-quiz-builder/assets/js/dist/tqb-frontend.mind617.js]
[cleantears.com/wp-content/plugins/wpforms-lite/assets/images/submit-spin.svg]
[cleantears.com/wp-content/uploads/2022/02/Untitled-1.gif]
[cleantears.com/wp-content/plugins/thrive-quiz-builder/tcb/editor/js/dist/modules/general.min49eb.js]
[cleantears.com/wp-content/uploads/2022/02/02.gif]
[cleantears.com/wp-content/uploads/2022/02/01.png]
[cleantears.com/wp-content/uploads/2022/01/fondo.png]
[cleantears.com/wp-content/plugins/elementor/assets/lib/e-gallery/css/e-gallery.min7359.css]
[cleantears.com/wp-content/plugins/bravepopup-pro/assets/css/frontend.min271b.css]
[cleantears.com/wp-content/plugins/elementor/assets/lib/animations/animations.min1aae.css]
[cleantears.com/wp-content/plugins/wpforms-lite/assets/images/times-solid-white.svg]
[cleantears.com/wp-content/plugins/elementor/assets/lib/eicons/fonts/eiconsc387.svg]
[cleantears.com/wp-content/plugins/elementor/assets/lib/font-awesome/webfonts/fa-brands-400.svg]
[cleantears.com/wp-content/plugins/elementor/assets/lib/font-awesome/webfonts/fa-regular-400.svg]
[cleantears.com/wp-content/plugins/elementor/assets/lib/font-awesome/webfonts/fa-solid-900.svg]
[cleantears.com/wp-content/plugins/elementor-extras/assets/lib/nicons/fonts/nicons.svg]
[cleantears.com/wp-content/uploads/elementor/css/post-1727c6e.css]
[cleantears.com/indexf4d1.html]
[cleantears.com/wp-content/plugins/thrive-quiz-builder/assets/css/frontend/fonts/icons.ttf]
[cleantears.com/wp-content/plugins/thrive-quiz-builder/assets/css/frontend/fonts/icons.woff]
[cleantears.com/wp-content/plugins/thrive-quiz-builder/assets/css/frontend/fonts/icons.svg]
[cleantears.com/wp-content/plugins/thrive-quiz-builder/assets/css/frontend/img/tqb-exclamation-mark.png]
[cleantears.com/wp-content/plugins/thrive-quiz-builder/assets/images/social-sharing-badge-loader.gif]
[cleantears.com/wp-content/plugins/thrive-quiz-builder/assets/css/frontend/tqb-shortcode271b.css]
[cleantears.com/wp-content/uploads/2022/02/Untitled-1.gif]
[cleantears-9e1609.ingress-comporellon.easywp.com/wp-content/uploads/2022/01/fondo.html]
[cleantears.com/wp-content/plugins/thrive-quiz-builder/assets/css/frontend/fonts/icons.svg]
[cleantears.com/wp-content/uploads/2022/01/fondo.png]
[cleantears.com/wp-content/uploads/2022/02/02.gif]
